00:00 +0: loading C:/Users/ammar/.gemini/antigravity/scratch/todo_clean_bloc/test/features/profile/presentation/bloc/profile_bloc_test.dart
00:00 +0: C:/Users/ammar/.gemini/antigravity/scratch/todo_clean_bloc/test/features/profile/presentation/bloc/profile_bloc_test.dart: (setUpAll)
00:00 +0: C:/Users/ammar/.gemini/antigravity/scratch/todo_clean_bloc/test/features/profile/presentation/bloc/profile_bloc_test.dart: ProfileBloc initial state should be ProfileInitial
00:00 +1: C:/Users/ammar/.gemini/antigravity/scratch/todo_clean_bloc/test/features/profile/presentation/bloc/profile_bloc_test.dart: ProfileBloc emits [ProfileLoading, ProfileLoaded] when LoadProfileEvent is successful
00:00 +2: C:/Users/ammar/.gemini/antigravity/scratch/todo_clean_bloc/test/features/profile/presentation/bloc/profile_bloc_test.dart: ProfileBloc emits [ProfileLoading, ProfileError] when profile is null
00:00 +3: C:/Users/ammar/.gemini/antigravity/scratch/todo_clean_bloc/test/features/profile/presentation/bloc/profile_bloc_test.dart: ProfileBloc emits [ProfileLoading, ProfileUpdateSuccess, ProfileLoaded] when update is successful
00:00 +4: C:/Users/ammar/.gemini/antigravity/scratch/todo_clean_bloc/test/features/profile/presentation/bloc/profile_bloc_test.dart: (tearDownAll)
00:00 +4: C:/Users/ammar/.gemini/antigravity/scratch/todo_clean_bloc/test/features/profile/profile_service_test.dart: ProfileService getProfile returns null when no profile is saved
00:00 +5: C:/Users/ammar/.gemini/antigravity/scratch/todo_clean_bloc/test/features/profile/profile_service_test.dart: ProfileService getProfile returns a UserProfile after saveProfile is called
00:00 +6: C:/Users/ammar/.gemini/antigravity/scratch/todo_clean_bloc/test/features/profile/profile_service_test.dart: ProfileService getProfile returns profile with imagePath when saved with one
00:00 +7: C:/Users/ammar/.gemini/antigravity/scratch/todo_clean_bloc/test/features/profile/profile_service_test.dart: ProfileService saveProfile overwrites previous profile
00:00 +8: C:/Users/ammar/.gemini/antigravity/scratch/todo_clean_bloc/test/features/profile/profile_service_test.dart: ProfileService isProfileComplete returns false when no profile is saved
00:00 +9: C:/Users/ammar/.gemini/antigravity/scratch/todo_clean_bloc/test/features/profile/profile_service_test.dart: ProfileService isProfileComplete returns true after a profile is saved
00:00 +10: C:/Users/ammar/.gemini/antigravity/scratch/todo_clean_bloc/test/features/profile/profile_service_test.dart: ProfileService isOnboardingComplete returns false before setOnboardingComplete is called
00:00 +11: C:/Users/ammar/.gemini/antigravity/scratch/todo_clean_bloc/test/features/profile/profile_service_test.dart: ProfileService isOnboardingComplete returns true after setOnboardingComplete is called
00:00 +12: C:/Users/ammar/.gemini/antigravity/scratch/todo_clean_bloc/test/features/profile/profile_service_test.dart: UserProfile toJson and fromJson are symmetric
00:00 +13: C:/Users/ammar/.gemini/antigravity/scratch/todo_clean_bloc/test/features/profile/profile_service_test.dart: UserProfile fromJson handles null imagePath correctly
00:01 +14: C:/Users/ammar/.gemini/antigravity/scratch/todo_clean_bloc/test/features/todo/data/models/todo_model_test.dart: TodoModel Coverage should be a subclass of TodoEntity
00:01 +15: C:/Users/ammar/.gemini/antigravity/scratch/todo_clean_bloc/test/features/todo/data/models/todo_model_test.dart: TodoModel Coverage fromJson should return a valid model
00:01 +16: C:/Users/ammar/.gemini/antigravity/scratch/todo_clean_bloc/test/features/todo/data/models/todo_model_test.dart: TodoModel Coverage toJson should return a JSON map containing proper data
00:01 +17: C:/Users/ammar/.gemini/antigravity/scratch/todo_clean_bloc/test/features/todo/data/models/todo_model_test.dart: TodoModel Coverage fromEntity should create a TodoModel from a TodoEntity
00:02 +18: C:/Users/ammar/.gemini/antigravity/scratch/todo_clean_bloc/test/features/todo/data/repositories/todo_repository_impl_test.dart: (setUpAll)
00:02 +18: C:/Users/ammar/.gemini/antigravity/scratch/todo_clean_bloc/test/features/todo/data/repositories/todo_repository_impl_test.dart: getTodos should return list of todos from local data source
00:02 +19: C:/Users/ammar/.gemini/antigravity/scratch/todo_clean_bloc/test/features/todo/data/repositories/todo_repository_impl_test.dart: addTodo should call localDataSource.addTodo with converted TodoModel
00:02 +20: C:/Users/ammar/.gemini/antigravity/scratch/todo_clean_bloc/test/features/todo/data/repositories/todo_repository_impl_test.dart: updateTodo should call localDataSource.updateTodo with converted TodoModel
00:02 +21: C:/Users/ammar/.gemini/antigravity/scratch/todo_clean_bloc/test/features/todo/data/repositories/todo_repository_impl_test.dart: deleteTodo should call localDataSource.deleteTodo with the given id
00:02 +22: C:/Users/ammar/.gemini/antigravity/scratch/todo_clean_bloc/test/features/todo/data/repositories/todo_repository_impl_test.dart: completeFocusSession should call localDataSource.addFocusSession with formatted date and duration
00:02 +23: C:/Users/ammar/.gemini/antigravity/scratch/todo_clean_bloc/test/features/todo/data/repositories/todo_repository_impl_test.dart: getFocusSessionsCountForDay should return count from localDataSource for the given date
00:02 +24: C:/Users/ammar/.gemini/antigravity/scratch/todo_clean_bloc/test/features/todo/data/repositories/todo_repository_impl_test.dart: (tearDownAll)
00:02 +24: C:/Users/ammar/.gemini/antigravity/scratch/todo_clean_bloc/test/features/todo/data/repositories/todo_repository_impl_v2_test.dart: TodoRepositoryImpl - Production Level Coverage should return TodoEntity when data source call is successful
00:02 +25: C:/Users/ammar/.gemini/antigravity/scratch/todo_clean_bloc/test/features/todo/data/repositories/todo_repository_impl_v2_test.dart: TodoRepositoryImpl - Production Level Coverage should throw CacheException when data source fails
00:03 +26: C:/Users/ammar/.gemini/antigravity/scratch/todo_clean_bloc/test/features/todo/domain/entities/todo_entity_test.dart: TodoEntity should return a valid copy with updated fields
00:03 +27: C:/Users/ammar/.gemini/antigravity/scratch/todo_clean_bloc/test/features/todo/domain/entities/todo_entity_test.dart: TodoEntity should support value equality
00:04 +28: C:/Users/ammar/.gemini/antigravity/scratch/todo_clean_bloc/test/features/todo/domain/usecases/add_todo_test.dart: (setUpAll)
00:04 +28: C:/Users/ammar/.gemini/antigravity/scratch/todo_clean_bloc/test/features/todo/domain/usecases/add_todo_test.dart: should call repository to add a todo
00:04 +29: C:/Users/ammar/.gemini/antigravity/scratch/todo_clean_bloc/test/features/todo/domain/usecases/add_todo_test.dart: (tearDownAll)
00:05 +29: C:/Users/ammar/.gemini/antigravity/scratch/todo_clean_bloc/test/features/todo/domain/usecases/add_todo_v2_test.dart: (setUpAll)
00:05 +29: C:/Users/ammar/.gemini/antigravity/scratch/todo_clean_bloc/test/features/todo/domain/usecases/add_todo_v2_test.dart: AddTodo UseCase - Production Standard should call saveTodo on the repository and complete successfully
00:05 +30: C:/Users/ammar/.gemini/antigravity/scratch/todo_clean_bloc/test/features/todo/domain/usecases/add_todo_v2_test.dart: AddTodo UseCase - Production Standard should propagate exceptions from repository
00:05 +31: C:/Users/ammar/.gemini/antigravity/scratch/todo_clean_bloc/test/features/todo/domain/usecases/add_todo_v2_test.dart: (tearDownAll)
00:05 +31: C:/Users/ammar/.gemini/antigravity/scratch/todo_clean_bloc/test/features/todo/domain/usecases/get_todos_test.dart: GetTodos UseCase should return list of todos from repository on success
00:05 +32: C:/Users/ammar/.gemini/antigravity/scratch/todo_clean_bloc/test/features/todo/domain/usecases/get_todos_test.dart: GetTodos UseCase should return an empty list when repository has no todos
00:05 +33: C:/Users/ammar/.gemini/antigravity/scratch/todo_clean_bloc/test/features/todo/domain/usecases/get_todos_test.dart: GetTodos UseCase should propagate exceptions thrown by the repository
00:06 +34: C:/Users/ammar/.gemini/antigravity/scratch/todo_clean_bloc/test/features/todo/domain/usecases/remaining_usecases_test.dart: (setUpAll)
00:06 +34: C:/Users/ammar/.gemini/antigravity/scratch/todo_clean_bloc/test/features/todo/domain/usecases/remaining_usecases_test.dart: Remaining Todo UseCases UpdateTodo should call repository
00:06 +35: C:/Users/ammar/.gemini/antigravity/scratch/todo_clean_bloc/test/features/todo/domain/usecases/remaining_usecases_test.dart: Remaining Todo UseCases DeleteTodo should call repository
00:06 +36: C:/Users/ammar/.gemini/antigravity/scratch/todo_clean_bloc/test/features/todo/domain/usecases/remaining_usecases_test.dart: Remaining Todo UseCases GetFocusSessionsCount should call repository
00:06 +37: C:/Users/ammar/.gemini/antigravity/scratch/todo_clean_bloc/test/features/todo/domain/usecases/remaining_usecases_test.dart: (tearDownAll)
00:07 +37: C:/Users/ammar/.gemini/antigravity/scratch/todo_clean_bloc/test/features/todo/presentation/bloc/calendar_bloc_test.dart: CalendarBloc initial state should have today as selectedDay and focusedDay
00:07 +38: C:/Users/ammar/.gemini/antigravity/scratch/todo_clean_bloc/test/features/todo/presentation/bloc/calendar_bloc_test.dart: CalendarBloc emits updated state with new selected and focused day when SelectDayEvent is dispatched
00:07 +39: C:/Users/ammar/.gemini/antigravity/scratch/todo_clean_bloc/test/features/todo/presentation/bloc/calendar_bloc_test.dart: CalendarBloc emits a second updated state when SelectDayEvent is dispatched twice
00:08 +40: C:/Users/ammar/.gemini/antigravity/scratch/todo_clean_bloc/test/features/todo/presentation/bloc/focus_bloc_test.dart: (setUpAll)
00:08 +40: C:/Users/ammar/.gemini/antigravity/scratch/todo_clean_bloc/test/features/todo/presentation/bloc/focus_bloc_test.dart: FocusBloc initial state should be initial
00:08 +41: C:/Users/ammar/.gemini/antigravity/scratch/todo_clean_bloc/test/features/todo/presentation/bloc/focus_bloc_test.dart: FocusBloc emits sessionsToday when LoadFocusSessionsEvent is added
00:08 +42: C:/Users/ammar/.gemini/antigravity/scratch/todo_clean_bloc/test/features/todo/presentation/bloc/focus_bloc_test.dart: FocusBloc emits isRunning: true when StartTimerEvent is added
00:08 +43: C:/Users/ammar/.gemini/antigravity/scratch/todo_clean_bloc/test/features/todo/presentation/bloc/focus_bloc_test.dart: FocusBloc emits remainingTime decrement when TickEvent is added
00:08 +44: C:/Users/ammar/.gemini/antigravity/scratch/todo_clean_bloc/test/features/todo/presentation/bloc/focus_bloc_test.dart: FocusBloc completes session and flips mode when timer reaches 0
00:08 +45: C:/Users/ammar/.gemini/antigravity/scratch/todo_clean_bloc/test/features/todo/presentation/bloc/focus_bloc_test.dart: FocusBloc emits isRunning: false when StopTimerEvent is added while running
00:08 +46: C:/Users/ammar/.gemini/antigravity/scratch/todo_clean_bloc/test/features/todo/presentation/bloc/focus_bloc_test.dart: FocusBloc resets remainingTime to workDuration when ResetTimerEvent is added in work mode
00:08 +47: C:/Users/ammar/.gemini/antigravity/scratch/todo_clean_bloc/test/features/todo/presentation/bloc/focus_bloc_test.dart: FocusBloc resets remainingTime to breakDuration when ResetTimerEvent is added in break mode
00:08 +48: C:/Users/ammar/.gemini/antigravity/scratch/todo_clean_bloc/test/features/todo/presentation/bloc/focus_bloc_test.dart: FocusBloc flips to break mode when ToggleModeEvent is added in work mode
00:08 +49: C:/Users/ammar/.gemini/antigravity/scratch/todo_clean_bloc/test/features/todo/presentation/bloc/focus_bloc_test.dart: FocusBloc flips to work mode when ToggleModeEvent is added in break mode
00:08 +50: C:/Users/ammar/.gemini/antigravity/scratch/todo_clean_bloc/test/features/todo/presentation/bloc/focus_bloc_test.dart: FocusBloc updates durations and sessionsTarget when ChangeDurationEvent is added
00:08 +51: C:/Users/ammar/.gemini/antigravity/scratch/todo_clean_bloc/test/features/todo/presentation/bloc/focus_bloc_test.dart: FocusBloc sets remainingTime to breakDuration when ChangeDurationEvent is added in break mode
00:08 +52: C:/Users/ammar/.gemini/antigravity/scratch/todo_clean_bloc/test/features/todo/presentation/bloc/focus_bloc_test.dart: FocusBloc flips to work mode when TickEvent(0) is added in break mode without calling completeFocusSession
00:08 +53: C:/Users/ammar/.gemini/antigravity/scratch/todo_clean_bloc/test/features/todo/presentation/bloc/focus_bloc_test.dart: FocusBloc close() cancels ticker subscription without error
00:08 +54: C:/Users/ammar/.gemini/antigravity/scratch/todo_clean_bloc/test/features/todo/presentation/bloc/focus_bloc_test.dart: (tearDownAll)
00:08 +54: C:/Users/ammar/.gemini/antigravity/scratch/todo_clean_bloc/test/features/todo/presentation/bloc/navigation_bloc_test.dart: NavigationBloc initial state should be 0
00:08 +55: C:/Users/ammar/.gemini/antigravity/scratch/todo_clean_bloc/test/features/todo/presentation/bloc/navigation_bloc_test.dart: NavigationBloc emits correct index when ChangeTabEvent is added
00:09 +56: C:/Users/ammar/.gemini/antigravity/scratch/todo_clean_bloc/test/features/todo/presentation/bloc/todo_bloc_test.dart: (setUpAll)
00:09 +56: C:/Users/ammar/.gemini/antigravity/scratch/todo_clean_bloc/test/features/todo/presentation/bloc/todo_bloc_test.dart: TodoBloc initial state should be TodoInitial
00:09 +57: C:/Users/ammar/.gemini/antigravity/scratch/todo_clean_bloc/test/features/todo/presentation/bloc/todo_bloc_test.dart: TodoBloc emits [TodoLoading, TodoLoaded] when LoadTodosEvent is successful
00:09 +58: C:/Users/ammar/.gemini/antigravity/scratch/todo_clean_bloc/test/features/todo/presentation/bloc/todo_bloc_test.dart: TodoBloc emits [TodoActionSuccess] and reloads todos when AddTodoEvent is successful
00:09 +59: C:/Users/ammar/.gemini/antigravity/scratch/todo_clean_bloc/test/features/todo/presentation/bloc/todo_bloc_test.dart: TodoBloc emits [TodoLoading, TodoError] with fallback message when LoadTodosEvent fails with generic exception
00:09 +60: C:/Users/ammar/.gemini/antigravity/scratch/todo_clean_bloc/test/features/todo/presentation/bloc/todo_bloc_test.dart: TodoBloc emits [TodoLoading, TodoError] with specific message when LoadTodosEvent fails with CacheException
00:09 +61: C:/Users/ammar/.gemini/antigravity/scratch/todo_clean_bloc/test/features/todo/presentation/bloc/todo_bloc_test.dart: TodoBloc emits [TodoError] with fallback message when AddTodoEvent fails
00:09 +62: C:/Users/ammar/.gemini/antigravity/scratch/todo_clean_bloc/test/features/todo/presentation/bloc/todo_bloc_test.dart: TodoBloc emits [TodoActionSuccess] and reloads todos when UpdateTodoEvent is successful (no reminder)
00:09 +63: C:/Users/ammar/.gemini/antigravity/scratch/todo_clean_bloc/test/features/todo/presentation/bloc/todo_bloc_test.dart: TodoBloc emits [TodoActionSuccess] and schedules notification when UpdateTodoEvent has reminder enabled
00:09 +64: C:/Users/ammar/.gemini/antigravity/scratch/todo_clean_bloc/test/features/todo/presentation/bloc/todo_bloc_test.dart: TodoBloc emits [TodoError] with CacheException message when UpdateTodoEvent fails with CacheException
00:09 +65: C:/Users/ammar/.gemini/antigravity/scratch/todo_clean_bloc/test/features/todo/presentation/bloc/todo_bloc_test.dart: TodoBloc emits [TodoError] when UpdateTodoEvent fails with generic exception
00:09 +66: C:/Users/ammar/.gemini/antigravity/scratch/todo_clean_bloc/test/features/todo/presentation/bloc/todo_bloc_test.dart: TodoBloc emits [TodoActionSuccess] and reloads todos when DeleteTodoEvent is successful
00:09 +67: C:/Users/ammar/.gemini/antigravity/scratch/todo_clean_bloc/test/features/todo/presentation/bloc/todo_bloc_test.dart: TodoBloc emits [TodoError] when DeleteTodoEvent fails with CacheException
00:09 +68: C:/Users/ammar/.gemini/antigravity/scratch/todo_clean_bloc/test/features/todo/presentation/bloc/todo_bloc_test.dart: TodoBloc emits [TodoError] when DeleteTodoEvent fails with generic exception
00:09 +69: C:/Users/ammar/.gemini/antigravity/scratch/todo_clean_bloc/test/features/todo/presentation/bloc/todo_bloc_test.dart: TodoBloc marks task as completed and cancels notification when ToggleTodoStatusEvent is dispatched on pending task
00:09 +70: C:/Users/ammar/.gemini/antigravity/scratch/todo_clean_bloc/test/features/todo/presentation/bloc/todo_bloc_test.dart: TodoBloc marks task as pending and schedules notification on future date when ToggleTodoStatusEvent is dispatched on completed task
00:09 +71: C:/Users/ammar/.gemini/antigravity/scratch/todo_clean_bloc/test/features/todo/presentation/bloc/todo_bloc_test.dart: TodoBloc emits [TodoError] with CacheException when ToggleTodoStatusEvent fails
00:09 +72: C:/Users/ammar/.gemini/antigravity/scratch/todo_clean_bloc/test/features/todo/presentation/bloc/todo_bloc_test.dart: TodoBloc emits [TodoError] when ToggleTodoStatusEvent fails with generic exception
00:09 +73: C:/Users/ammar/.gemini/antigravity/scratch/todo_clean_bloc/test/features/todo/presentation/bloc/todo_bloc_test.dart: TodoBloc filters todos by search query when SearchTodosEvent is dispatched on a loaded state
00:09 +74: C:/Users/ammar/.gemini/antigravity/scratch/todo_clean_bloc/test/features/todo/presentation/bloc/todo_bloc_test.dart: TodoBloc returns empty list when search query matches nothing
00:10 +74 -1: C:/Users/ammar/.gemini/antigravity/scratch/todo_clean_bloc/test/features/todo/presentation/bloc/todo_bloc_test.dart: TodoBloc returns empty list when search query matches nothing [E]
  Expected: [<<Instance of 'TodoLoaded'> with `todos`: empty>]
    Actual: [
              TodoLoaded:TodoLoaded([TodoEntity(1, Test, Desc, 2026-01-01 00:00:00.000, false, false, TodoPriority.medium, Work, 1, false)], All, NoMatch_XYZ, 0),
              TodoLoaded:TodoLoaded([], All, NoMatch_XYZ, 0)
            ]
     Which: at location [0] is TodoLoaded:<TodoLoaded([TodoEntity(1, Test, Desc, 2026-01-01 00:00:00.000, false, false, TodoPriority.medium, Work, 1, false)], All, NoMatch_XYZ, 0)> which has `todos` with value [
              TodoEntity:TodoEntity(1, Test, Desc, 2026-01-01 00:00:00.000, false, false, TodoPriority.medium, Work, 1, false)
            ]
  
  package:matcher                              expect
  package:bloc_test/src/bloc_test.dart 218:16  testBloc.<fn>
  ===== asynchronous gap ===========================
  dart:async                                   _Completer.completeError
  package:bloc_test/src/bloc_test.dart 255:43  _runZonedGuarded.<fn>
  ===== asynchronous gap ===========================
  dart:async                                   _CustomZone.registerBinaryCallback
  package:bloc_test/src/bloc_test.dart 252:5   _runZonedGuarded.<fn>
  dart:async                                   runZonedGuarded
  package:bloc_test/src/bloc_test.dart 251:3   _runZonedGuarded
  package:bloc_test/src/bloc_test.dart 198:11  testBloc
  package:bloc_test/src/bloc_test.dart 156:13  blocTest.<fn>
  
00:10 +74 -1: C:/Users/ammar/.gemini/antigravity/scratch/todo_clean_bloc/test/features/todo/presentation/bloc/todo_bloc_test.dart: TodoBloc filters by "Completed" when FilterTodosEvent is dispatched on a loaded state
00:10 +74 -2: C:/Users/ammar/.gemini/antigravity/scratch/todo_clean_bloc/test/features/todo/presentation/bloc/todo_bloc_test.dart: TodoBloc filters by "Completed" when FilterTodosEvent is dispatched on a loaded state [E]
  Expected: [<<Instance of 'TodoLoaded'> with `todos`: empty>]
    Actual: [
              TodoLoaded:TodoLoaded([TodoEntity(1, Test, Desc, 2026-01-01 00:00:00.000, false, false, TodoPriority.medium, Work, 1, false)], Completed, , 0),
              TodoLoaded:TodoLoaded([], Completed, , 0)
            ]
     Which: at location [0] is TodoLoaded:<TodoLoaded([TodoEntity(1, Test, Desc, 2026-01-01 00:00:00.000, false, false, TodoPriority.medium, Work, 1, false)], Completed, , 0)> which has `todos` with value [
              TodoEntity:TodoEntity(1, Test, Desc, 2026-01-01 00:00:00.000, false, false, TodoPriority.medium, Work, 1, false)
            ]
  
  package:matcher                              expect
  package:bloc_test/src/bloc_test.dart 218:16  testBloc.<fn>
  ===== asynchronous gap ===========================
  dart:async                                   _Completer.completeError
  package:bloc_test/src/bloc_test.dart 255:43  _runZonedGuarded.<fn>
  ===== asynchronous gap ===========================
  dart:async                                   _CustomZone.registerBinaryCallback
  package:bloc_test/src/bloc_test.dart 252:5   _runZonedGuarded.<fn>
  dart:async                                   runZonedGuarded
  package:bloc_test/src/bloc_test.dart 251:3   _runZonedGuarded
  package:bloc_test/src/bloc_test.dart 198:11  testBloc
  package:bloc_test/src/bloc_test.dart 156:13  blocTest.<fn>
  
00:10 +74 -2: C:/Users/ammar/.gemini/antigravity/scratch/todo_clean_bloc/test/features/todo/presentation/bloc/todo_bloc_test.dart: TodoBloc filters by "Pending" when FilterTodosEvent is dispatched on a loaded state
00:10 +75 -2: C:/Users/ammar/.gemini/antigravity/scratch/todo_clean_bloc/test/features/todo/presentation/bloc/todo_bloc_test.dart: TodoBloc SearchTodosEvent and FilterTodosEvent do nothing when state is not TodoLoaded
00:10 +76 -2: C:/Users/ammar/.gemini/antigravity/scratch/todo_clean_bloc/test/features/todo/presentation/bloc/todo_bloc_test.dart: TodoBloc schedules notification when AddTodoEvent has reminder enabled with a future date
00:10 +77 -2: C:/Users/ammar/.gemini/antigravity/scratch/todo_clean_bloc/test/features/todo/presentation/bloc/todo_bloc_test.dart: TodoBloc emits [TodoError] with CacheException message when AddTodoEvent fails with CacheException
00:10 +78 -2: C:/Users/ammar/.gemini/antigravity/scratch/todo_clean_bloc/test/features/todo/presentation/bloc/todo_bloc_test.dart: (tearDownAll)
00:10 +78 -2: C:/Users/ammar/.gemini/antigravity/scratch/todo_clean_bloc/test/features/todo/presentation/bloc/todo_form_bloc_test.dart: TodoFormBloc initial state should be TodoFormState.initial()
00:10 +79 -2: C:/Users/ammar/.gemini/antigravity/scratch/todo_clean_bloc/test/features/todo/presentation/bloc/todo_form_bloc_test.dart: TodoFormBloc populates state from existing todo when InitializeFormEvent is dispatched with a todo
00:10 +80 -2: C:/Users/ammar/.gemini/antigravity/scratch/todo_clean_bloc/test/features/todo/presentation/bloc/todo_form_bloc_test.dart: TodoFormBloc resets state to initial when InitializeFormEvent is dispatched with null
00:10 +81 -2: C:/Users/ammar/.gemini/antigravity/scratch/todo_clean_bloc/test/features/todo/presentation/bloc/todo_form_bloc_test.dart: TodoFormBloc updates title when TitleChangedEvent is dispatched
00:10 +82 -2: C:/Users/ammar/.gemini/antigravity/scratch/todo_clean_bloc/test/features/todo/presentation/bloc/todo_form_bloc_test.dart: TodoFormBloc updates description when DescriptionChangedEvent is dispatched
00:10 +83 -2: C:/Users/ammar/.gemini/antigravity/scratch/todo_clean_bloc/test/features/todo/presentation/bloc/todo_form_bloc_test.dart: TodoFormBloc updates selectedDate when DateChangedEvent is dispatched
00:10 +84 -2: C:/Users/ammar/.gemini/antigravity/scratch/todo_clean_bloc/test/features/todo/presentation/bloc/todo_form_bloc_test.dart: TodoFormBloc updates selectedTime when TimeChangedEvent is dispatched
00:10 +85 -2: C:/Users/ammar/.gemini/antigravity/scratch/todo_clean_bloc/test/features/todo/presentation/bloc/todo_form_bloc_test.dart: TodoFormBloc updates selectedPriority when PriorityChangedEvent is dispatched
00:10 +86 -2: C:/Users/ammar/.gemini/antigravity/scratch/todo_clean_bloc/test/features/todo/presentation/bloc/todo_form_bloc_test.dart: TodoFormBloc updates selectedCategory when CategoryChangedEvent is dispatched
00:10 +87 -2: C:/Users/ammar/.gemini/antigravity/scratch/todo_clean_bloc/test/features/todo/presentation/bloc/todo_form_bloc_test.dart: TodoFormBloc toggles isPinned when PinnedChangedEvent is dispatched
00:10 +88 -2: C:/Users/ammar/.gemini/antigravity/scratch/todo_clean_bloc/test/features/todo/presentation/bloc/todo_form_bloc_test.dart: TodoFormBloc toggles enableReminder when ReminderChangedEvent is dispatched
00:10 +89 -2: C:/Users/ammar/.gemini/antigravity/scratch/todo_clean_bloc/test/features/todo/presentation/bloc/todo_form_bloc_test.dart: TodoFormBloc correctly applies multiple sequential events
00:11 +90 -2: C:/Users/ammar/.gemini/antigravity/scratch/todo_clean_bloc/test/features/todo/presentation/widgets/filter_bar_widget_test.dart: FilterBar Widget renders All, Pending, and Completed chips
00:12 +91 -2: C:/Users/ammar/.gemini/antigravity/scratch/todo_clean_bloc/test/features/todo/presentation/widgets/todo_item_behavioral_test.dart: TodoItem Behavioral Widget Test should trigger onToggle when the checkbox/toggle is tapped
00:12 +92 -2: C:/Users/ammar/.gemini/antigravity/scratch/todo_clean_bloc/test/features/todo/presentation/widgets/todo_item_behavioral_test.dart: TodoItem Behavioral Widget Test should trigger onToggle when the checkbox/toggle is tapped
00:12 +93 -2: C:/Users/ammar/.gemini/antigravity/scratch/todo_clean_bloc/test/features/todo/presentation/widgets/todo_item_behavioral_test.dart: TodoItem Behavioral Widget Test should trigger onToggle when the checkbox/toggle is tapped
00:12 +94 -2: C:/Users/ammar/.gemini/antigravity/scratch/todo_clean_bloc/test/features/todo/presentation/widgets/todo_item_behavioral_test.dart: TodoItem Behavioral Widget Test should trigger onToggle when the checkbox/toggle is tapped
00:12 +95 -2: C:/Users/ammar/.gemini/antigravity/scratch/todo_clean_bloc/test/features/todo/presentation/widgets/todo_item_behavioral_test.dart: TodoItem Behavioral Widget Test should trigger onToggle when the checkbox/toggle is tapped
00:12 +96 -2: C:/Users/ammar/.gemini/antigravity/scratch/todo_clean_bloc/test/features/todo/presentation/widgets/todo_item_behavioral_test.dart: TodoItem Behavioral Widget Test should trigger onToggle when the checkbox/toggle is tapped
00:12 +97 -2: C:/Users/ammar/.gemini/antigravity/scratch/todo_clean_bloc/test/features/todo/presentation/widgets/todo_item_behavioral_test.dart: TodoItem Behavioral Widget Test should trigger onToggle when the checkbox/toggle is tapped
00:13 +98 -2: C:/Users/ammar/.gemini/antigravity/scratch/todo_clean_bloc/test/features/todo/presentation/widgets/todo_item_test.dart: TodoItem Widget Test should display todo title
00:13 +99 -2: C:/Users/ammar/.gemini/antigravity/scratch/todo_clean_bloc/test/smoke_test.dart: MainPage Smoke Tests should render HomePage initially
00:14 +100 -2: C:/Users/ammar/.gemini/antigravity/scratch/todo_clean_bloc/test/smoke_test.dart: MainPage Smoke Tests should render HomePage initially
00:14 +101 -2: C:/Users/ammar/.gemini/antigravity/scratch/todo_clean_bloc/test/smoke_test.dart: MainPage Smoke Tests should render HomePage initially
00:14 +102 -2: C:/Users/ammar/.gemini/antigravity/scratch/todo_clean_bloc/test/smoke_test.dart: MainPage Smoke Tests should render HomePage initially
ΓòÉΓòÉΓòí EXCEPTION CAUGHT BY RENDERING LIBRARY Γò₧ΓòÉΓòÉΓòÉΓòÉΓòÉΓòÉΓòÉΓòÉΓòÉΓòÉΓòÉΓòÉΓòÉΓòÉΓòÉΓòÉΓòÉΓòÉΓòÉΓòÉΓòÉΓòÉΓòÉΓòÉΓòÉΓòÉΓòÉΓòÉΓòÉΓòÉΓòÉΓòÉΓòÉΓòÉΓòÉΓòÉΓòÉΓòÉΓòÉΓòÉΓòÉΓòÉΓòÉΓòÉΓòÉΓòÉΓòÉΓòÉΓòÉΓòÉΓòÉΓòÉΓòÉΓòÉΓòÉΓòÉΓòÉ
The following assertion was thrown during layout:
A RenderFlex overflowed by 4.1 pixels on the bottom.

The relevant error-causing widget was:
  Column
  Column:file:///C:/Users/ammar/.gemini/antigravity/scratch/todo_clean_bloc/lib/features/todo/presentation/pages/main_page.dart:220:16

The overflowing RenderFlex has an orientation of Axis.vertical.
The edge of the RenderFlex that is overflowing has been marked in the rendering with a yellow and
black striped pattern. This is usually caused by the contents being too big for the RenderFlex.
Consider applying a flex factor (e.g. using an Expanded widget) to force the children of the
RenderFlex to fit within the available space instead of being sized to their natural size.
This is considered an error condition because it indicates that there is content that cannot be
seen. If the content is legitimately bigger than the available space, consider clipping it with a
ClipRect widget before putting it in the flex, or using a scrollable container rather than a Flex,
like a ListView.
The specific RenderFlex in question is: RenderFlex#dcdcd relayoutBoundary=up5 OVERFLOWING:
  creator: Column ΓåÉ Padding ΓåÉ DecoratedBox ΓåÉ Container ΓåÉ AnimatedContainer ΓåÉ Listener ΓåÉ
    _GestureSemantics ΓåÉ RawGestureDetector ΓåÉ GestureDetector ΓåÉ Row ΓåÉ Padding ΓåÉ DecoratedBox ΓåÉ Γï»
  parentData: offset=Offset(44.8, 11.8) (can use size)
  constraints: BoxConstraints(0.0<=w<=Infinity, 0.0<=h<=111.3)
  size: Size(116.2, 111.3)
  direction: vertical
  mainAxisAlignment: start
  mainAxisSize: min
  crossAxisAlignment: center
  verticalDirection: down
  spacing: 0.0
ΓùóΓùñΓùóΓùñΓùóΓùñΓùóΓùñΓùóΓùñΓùóΓùñΓùóΓùñΓùóΓùñΓùóΓùñΓùóΓùñΓùóΓùñΓùóΓùñΓùóΓùñΓùóΓùñΓùóΓùñΓùóΓùñΓùóΓùñΓùóΓùñΓùóΓùñΓùóΓùñΓùóΓùñΓùóΓùñΓùóΓùñΓùóΓùñΓùóΓùñΓùóΓùñΓùóΓùñΓùóΓùñΓùóΓùñΓùóΓùñΓùóΓùñΓùóΓùñΓùóΓùñΓùóΓùñΓùóΓùñΓùóΓùñΓùóΓùñΓùóΓùñΓùóΓùñΓùóΓùñΓùóΓùñΓùóΓùñΓùóΓùñΓùóΓùñΓùóΓùñΓùóΓùñΓùóΓùñΓùóΓùñΓùóΓùñΓùóΓùñ
ΓòÉΓòÉΓòÉΓòÉΓòÉΓòÉΓòÉΓòÉΓòÉΓòÉΓòÉΓòÉΓòÉΓòÉΓòÉΓòÉΓòÉΓòÉΓòÉΓòÉΓòÉΓòÉΓòÉΓòÉΓòÉΓòÉΓòÉΓòÉΓòÉΓòÉΓòÉΓòÉΓòÉΓòÉΓòÉΓòÉΓòÉΓòÉΓòÉΓòÉΓòÉΓòÉΓòÉΓòÉΓòÉΓòÉΓòÉΓòÉΓòÉΓòÉΓòÉΓòÉΓòÉΓòÉΓòÉΓòÉΓòÉΓòÉΓòÉΓòÉΓòÉΓòÉΓòÉΓòÉΓòÉΓòÉΓòÉΓòÉΓòÉΓòÉΓòÉΓòÉΓòÉΓòÉΓòÉΓòÉΓòÉΓòÉΓòÉΓòÉΓòÉΓòÉΓòÉΓòÉΓòÉΓòÉΓòÉΓòÉΓòÉΓòÉΓòÉΓòÉΓòÉΓòÉΓòÉΓòÉΓòÉΓòÉΓòÉΓòÉ
00:14 +102 -3: C:/Users/ammar/.gemini/antigravity/scratch/todo_clean_bloc/test/smoke_test.dart: MainPage Smoke Tests should render HomePage initially [E]
  Test failed. See exception logs above.
  The test description was: should render HomePage initially
  
00:14 +102 -3: C:/Users/ammar/.gemini/antigravity/scratch/todo_clean_bloc/test/smoke_test.dart: MainPage Smoke Tests should render StatisticsPage when built directly
00:14 +103 -3: C:/Users/ammar/.gemini/antigravity/scratch/todo_clean_bloc/test/smoke_test.dart: MainPage Smoke Tests should render FocusModePage when built directly
00:15 +104 -3: Some tests failed.
